// Jest Snapshot v1, https://goo.gl/fbAQLP

exports[`getPosts Saga should call the postLoadingError action if the response errors 1`] = `
Object {
  "@@redux-saga/IO": true,
  "combinator": false,
  "payload": Object {
    "args": Array [
      "/posts",
    ],
    "context": null,
    "fn": [Function],
  },
  "type": "CALL",
}
`;

exports[`getPosts Saga should call the postLoadingError action if the response errors 2`] = `
Object {
  "@@redux-saga/IO": true,
  "combinator": false,
  "payload": Object {
    "action": Object {
      "posts": "flexdinesh",
      "type": "boilerplate/App/LOAD_POSTS_SUCCESS",
    },
    "channel": undefined,
  },
  "type": "PUT",
}
`;

exports[`getPosts Saga should dispatch the postsLoaded action if it requests the data successfully 1`] = `
Object {
  "@@redux-saga/IO": true,
  "combinator": false,
  "payload": Object {
    "args": Array [
      "/posts",
    ],
    "context": null,
    "fn": [Function],
  },
  "type": "CALL",
}
`;

exports[`getPosts Saga should dispatch the postsLoaded action if it requests the data successfully 2`] = `
Object {
  "@@redux-saga/IO": true,
  "combinator": false,
  "payload": Object {
    "action": Object {
      "posts": "flexdinesh",
      "type": "boilerplate/App/LOAD_POSTS_SUCCESS",
    },
    "channel": undefined,
  },
  "type": "PUT",
}
`;
